[debug] [2026-10-08T01:31:07.145Z] ----------------------------------------------------------------------
[debug] [2026-10-08T01:31:07.148Z] Command:       /usr/local/bin/node /usr/local/bin/firebase deploy --only hosting --project gen-lang-client-0791489226
[debug] [2026-10-08T01:31:07.149Z] CLI Version:   15.29.0
[debug] [2026-10-08T01:31:07.149Z] Platform:      linux
[debug] [2026-10-08T01:31:07.149Z] Node Version:  v22.23.2
[debug] [2026-10-08T01:31:07.149Z] Detected Agent: unknown
[debug] [2026-10-08T01:31:07.149Z] Time:          Thu Oct 08 2026 01:31:07 GMT+0000 (Coordinated Universal Time)
[debug] [2026-10-08T01:31:07.150Z] ----------------------------------------------------------------------
[debug] 
[debug] [2026-10-08T01:31:12.240Z] > command requires scopes: ["email","openid","https://www.googleapis.com/auth/cloudplatformprojects.readonly","https://www.googleapis.com/auth/firebase","https://www.googleapis.com/auth/cloud-platform"]
[debug] [2026-10-08T01:31:12.261Z] Running auto auth
[debug] [2026-10-08T01:31:12.264Z] [iam] checking project gen-lang-client-0791489226 for permissions ["firebase.projects.get","firebasehosting.sites.update"]
[debug] [2026-10-08T01:31:12.292Z] No OAuth tokens found
[debug] [2026-10-08T01:31:12.294Z] >>> [apiv2][query] POST https://cloudresourcemanager.googleapis.com/v1/projects/gen-lang-client-0791489226:testIamPermissions [none]
[debug] [2026-10-08T01:31:12.294Z] >>> [apiv2][(partial)header] POST https://cloudresourcemanager.googleapis.com/v1/projects/gen-lang-client-0791489226:testIamPermissions  x-goog-user-project=gen-lang-client-0791489226
[debug] [2026-10-08T01:31:12.294Z] >>> [apiv2][body] POST https://cloudresourcemanager.googleapis.com/v1/projects/gen-lang-client-0791489226:testIamPermissions {"permissions":["firebase.projects.get","firebasehosting.sites.update"]}
[debug] [2026-10-08T01:31:12.462Z] <<< [apiv2][status] POST https://cloudresourcemanager.googleapis.com/v1/projects/gen-lang-client-0791489226:testIamPermissions 403
[debug] [2026-10-08T01:31:12.462Z] <<< [apiv2][body] POST https://cloudresourcemanager.googleapis.com/v1/projects/gen-lang-client-0791489226:testIamPermissions {"error":{"code":403,"message":"Caller does not have required permission to use project gen-lang-client-0791489226. Grant the caller the roles/serviceusage.serviceUsageConsumer role, or a custom role with the serviceusage.services.use permission, by visiting https://console.developers.google.com/iam-admin/iam?project=gen-lang-client-0791489226 and then retry. Propagation of the new permission may take a few minutes.","status":"PERMISSION_DENIED","details":[{"@type":"type.googleapis.com/google.rpc.ErrorInfo","reason":"USER_PROJECT_DENIED","domain":"googleapis.com","metadata":{"containerInfo":"gen-lang-client-0791489226","service":"cloudresourcemanager.googleapis.com","consoleUrl":"https://console.developers.google.com/iam-admin/iam?project=gen-lang-client-0791489226","consumer":"projects/gen-lang-client-0791489226"}},{"@type":"type.googleapis.com/google.rpc.LocalizedMessage","locale":"en-US","message":"Caller does not have required permission to use project gen-lang-client-0791489226. Grant the caller the roles/serviceusage.serviceUsageConsumer role, or a custom role with the serviceusage.services.use permission, by visiting https://console.developers.google.com/iam-admin/iam?project=gen-lang-client-0791489226 and then retry. Propagation of the new permission may take a few minutes."},{"@type":"type.googleapis.com/google.rpc.Help","links":[{"description":"Google developer console IAM admin","url":"https://console.developers.google.com/iam-admin/iam?project=gen-lang-client-0791489226"}]}]}}
[debug] [2026-10-08T01:31:12.463Z] [iam] error while checking permissions, command may fail: Request to https://cloudresourcemanager.googleapis.com/v1/projects/gen-lang-client-0791489226:testIamPermissions had HTTP Error: 403, Caller does not have required permission to use project gen-lang-client-0791489226. Grant the caller the roles/serviceusage.serviceUsageConsumer role, or a custom role with the serviceusage.services.use permission, by visiting https://console.developers.google.com/iam-admin/iam?project=gen-lang-client-0791489226 and then retry. Propagation of the new permission may take a few minutes.
[debug] [2026-10-08T01:31:12.464Z] No OAuth tokens found
[debug] [2026-10-08T01:31:12.464Z] >>> [apiv2][query] GET https://firebase.googleapis.com/v1beta1/projects/gen-lang-client-0791489226 [none]
[debug] [2026-10-08T01:31:12.645Z] <<< [apiv2][status] GET https://firebase.googleapis.com/v1beta1/projects/gen-lang-client-0791489226 403
[debug] [2026-10-08T01:31:12.645Z] <<< [apiv2][body] GET https://firebase.googleapis.com/v1beta1/projects/gen-lang-client-0791489226 {"error":{"code":403,"message":"Firebase Management API has not been used in project 499773462029 before or it is disabled. Enable it by visiting https://console.developers.google.com/apis/api/firebase.googleapis.com/overview?project=499773462029 then retry. If you enabled this API recently, wait a few minutes for the action to propagate to our systems and retry.","status":"PERMISSION_DENIED","details":[{"@type":"type.googleapis.com/google.rpc.ErrorInfo","reason":"SERVICE_DISABLED","domain":"googleapis.com","metadata":{"activationUrl":"https://console.developers.google.com/apis/api/firebase.googleapis.com/overview?project=499773462029","containerInfo":"499773462029","consumer":"projects/499773462029","service":"firebase.googleapis.com","serviceTitle":"Firebase Management API"}},{"@type":"type.googleapis.com/google.rpc.LocalizedMessage","locale":"en-US","message":"Firebase Management API has not been used in project 499773462029 before or it is disabled. Enable it by visiting https://console.developers.google.com/apis/api/firebase.googleapis.com/overview?project=499773462029 then retry. If you enabled this API recently, wait a few minutes for the action to propagate to our systems and retry."},{"@type":"type.googleapis.com/google.rpc.Help","links":[{"description":"Google developers console API activation","url":"https://console.developers.google.com/apis/api/firebase.googleapis.com/overview?project=499773462029"}]}]}}
[debug] [2026-10-08T01:31:12.646Z] Request to https://firebase.googleapis.com/v1beta1/projects/gen-lang-client-0791489226 had HTTP Error: 403, Firebase Management API has not been used in project 499773462029 before or it is disabled. Enable it by visiting https://console.developers.google.com/apis/api/firebase.googleapis.com/overview?project=499773462029 then retry. If you enabled this API recently, wait a few minutes for the action to propagate to our systems and retry.
[debug] [2026-10-08T01:31:12.647Z] FirebaseError: Request to https://firebase.googleapis.com/v1beta1/projects/gen-lang-client-0791489226 had HTTP Error: 403, Firebase Management API has not been used in project 499773462029 before or it is disabled. Enable it by visiting https://console.developers.google.com/apis/api/firebase.googleapis.com/overview?project=499773462029 then retry. If you enabled this API recently, wait a few minutes for the action to propagate to our systems and retry.
    at responseToError (/usr/local/lib/node_modules/firebase-tools/lib/responseToError.js:53:12)
    at RetryOperation._fn (/usr/local/lib/node_modules/firebase-tools/lib/apiv2.js:415:77)
    at process.processTicksAndRejections (node:internal/process/task_queues:103:5)
[error] 
[error] Error: Failed to get Firebase project gen-lang-client-0791489226. Please make sure the project exists and your account has permission to access it.
